# Readme test
Post list example:
<!-- BLOG-POST-LIST:START -->- 1 God Mode in browsers: document.designMode = &quot;on&quot;- 2 Skipping the Chrome &quot;Your connection is not private&quot; warning- 3 Microsoft Student Partners – Geek is the new rockstar- 4 An Introduction to NumPy- 5 Hi, I&#39;m Gautam krishna.R- 6 DuckDuckGo – The search engine redefined<!-- BLOG-POST-LIST:END -->

# Other contents
Test content
