# Readme test
Post list example:
<!-- BLOG-POST-LIST:START -->
 - hello -> God Mode in browsers: document.designMode = &quot;on&quot;
 -  -> God Mode in browsers: document.designMode = &quot;on&quot;
 - world -> God Mode in browsers: document.designMode = &quot;on&quot;
 - hello -> Skipping the Chrome &quot;Your connection is not private&quot; warning
 -  -> Skipping the Chrome &quot;Your connection is not private&quot; warning
 - world -> Skipping the Chrome &quot;Your connection is not private&quot; warning
 - hello -> Microsoft Student Partners – Geek is the new rockstar
 -  -> Microsoft Student Partners – Geek is the new rockstar
 - world -> Microsoft Student Partners – Geek is the new rockstar
 - hello -> An Introduction to NumPy
 -  -> An Introduction to NumPy
 - world -> An Introduction to NumPy
 - hello -> Hi, I&#39;m Gautam krishna.R
 -  -> Hi, I&#39;m Gautam krishna.R
 - world -> Hi, I&#39;m Gautam krishna.R
 - hello -> DuckDuckGo – The search engine redefined
 -  -> DuckDuckGo – The search engine redefined
 - world -> DuckDuckGo – The search engine redefined<!-- BLOG-POST-LIST:END -->

# Other contents
Test content
