# Readme test
Post list example:
<!-- BLOG-POST-LIST:START -->chrome<br/>firefox<br/>devtools<br/>webdev<br/>trick<br/>chrome<br/>privacy<br/>https<br/>microsoft<br/>student<br/>partner<br/>msp<br/>numpy<br/>python<br/>introduction<br/>introductions<br/>duckduckgo<br/>searching<br/>tips<br/>privacy<br/><!-- BLOG-POST-LIST:END -->

# Other contents
Test content
