# Readme test
Post list example:
<!-- BLOG-POST-LIST:START -->- 1 God Mode in browsers: document.designMode = "on"- 2 Skipping the Chrome "Your connection is not private" warning- 3 Microsoft Student Partners – Geek is the new rockstar- 4 An Introduction to NumPy- 5 Hi, I'm Gautam krishna.R- 6 DuckDuckGo – The search engine redefined<!-- BLOG-POST-LIST:END -->

# Other contents
Test content
